2026-02-18 22:11:09,603 [INFO] Device: mps
2026-02-18 22:22:51,252 [INFO] Device: mps
2026-02-18 22:22:51,389 [INFO] ✅ 총 유효 페어: 277개 (combined=167, reject=55, reject_v2=55)
2026-02-18 22:22:51,390 [INFO] Train: 235쌍 | Val: 42쌍
2026-02-18 22:22:52,998 [INFO] 학습 파라미터: 14,177,281 / 151,277,313 (9.4%)
2026-02-18 22:22:58,021 [INFO]   Epoch 1 | Step 10/29 | Loss: 1.3169
2026-02-18 22:22:59,217 [INFO]   Epoch 1 | Step 20/29 | Loss: 0.8807
2026-02-18 22:23:43,049 [INFO] Epoch 1/100 | Train Loss: 1.4575 | R@1: 0.2857 | R@5: 0.6429 | R@10: 0.8095
2026-02-18 22:23:43,562 [INFO]   ✅ Best model saved (R@1=0.2857)
2026-02-18 22:23:47,053 [INFO]   Epoch 2 | Step 10/29 | Loss: 1.8083
2026-02-18 22:23:48,303 [INFO]   Epoch 2 | Step 20/29 | Loss: 1.2188
2026-02-18 22:24:32,416 [INFO] Epoch 2/100 | Train Loss: 1.4552 | R@1: 0.2619 | R@5: 0.6429 | R@10: 0.8095
2026-02-18 22:24:35,763 [INFO]   Epoch 3 | Step 10/29 | Loss: 1.6460
2026-02-18 22:24:36,979 [INFO]   Epoch 3 | Step 20/29 | Loss: 1.4652
2026-02-18 22:25:48,571 [INFO] Device: mps
2026-02-18 22:28:52,259 [INFO] Device: mps
2026-02-18 22:28:52,361 [INFO] ✅ 총 유효 페어: 277개 (combined=167, reject=55, reject_v2=55)
2026-02-18 22:28:52,361 [INFO] Train: 235쌍 | Val: 42쌍
2026-02-18 22:28:53,692 [INFO] 학습 파라미터: 14,177,281 / 151,277,313 (9.4%)
2026-02-18 22:28:57,202 [INFO]   Epoch 1 | Step 10/29 | Loss: 1.3169
2026-02-18 22:28:58,397 [INFO]   Epoch 1 | Step 20/29 | Loss: 0.8807
2026-02-18 22:29:42,004 [INFO] Epoch 1/100 | Train Loss: 1.4575 | R@1: 0.2857 | R@5: 0.6429 | R@10: 0.8095
2026-02-18 22:29:42,465 [INFO]   ✅ Best model saved (R@1=0.2857)
2026-02-18 22:29:45,810 [INFO]   Epoch 2 | Step 10/29 | Loss: 1.8083
2026-02-18 22:29:47,045 [INFO]   Epoch 2 | Step 20/29 | Loss: 1.2189
2026-02-18 22:30:30,839 [INFO] Epoch 2/100 | Train Loss: 1.4552 | R@1: 0.2619 | R@5: 0.6429 | R@10: 0.8095
2026-02-18 22:30:34,167 [INFO]   Epoch 3 | Step 10/29 | Loss: 1.6460
2026-02-18 22:30:35,389 [INFO]   Epoch 3 | Step 20/29 | Loss: 1.4652
2026-02-18 22:31:19,123 [INFO] Epoch 3/100 | Train Loss: 1.4972 | R@1: 0.2619 | R@5: 0.6429 | R@10: 0.8095
2026-02-18 22:31:22,521 [INFO]   Epoch 4 | Step 10/29 | Loss: 1.0547
2026-02-18 22:31:23,747 [INFO]   Epoch 4 | Step 20/29 | Loss: 1.4900
2026-02-18 22:32:07,305 [INFO] Epoch 4/100 | Train Loss: 1.4134 | R@1: 0.2619 | R@5: 0.6429 | R@10: 0.8095
2026-02-18 22:32:11,143 [INFO]   Epoch 5 | Step 10/29 | Loss: 1.5940
2026-02-18 22:32:12,592 [INFO]   Epoch 5 | Step 20/29 | Loss: 0.5641
2026-02-18 22:32:56,236 [INFO] Epoch 5/100 | Train Loss: 1.4023 | R@1: 0.2857 | R@5: 0.6429 | R@10: 0.8095
2026-02-18 22:32:59,667 [INFO]   Epoch 6 | Step 10/29 | Loss: 1.0302
2026-02-18 22:33:00,925 [INFO]   Epoch 6 | Step 20/29 | Loss: 1.6796
2026-02-18 22:33:44,658 [INFO] Epoch 6/100 | Train Loss: 1.4100 | R@1: 0.2857 | R@5: 0.6429 | R@10: 0.8095
2026-02-18 22:33:47,980 [INFO]   Epoch 7 | Step 10/29 | Loss: 1.9105
2026-02-18 22:33:49,192 [INFO]   Epoch 7 | Step 20/29 | Loss: 1.4398
2026-02-18 22:34:32,739 [INFO] Epoch 7/100 | Train Loss: 1.3555 | R@1: 0.2619 | R@5: 0.6429 | R@10: 0.8333
2026-02-18 22:34:36,009 [INFO]   Epoch 8 | Step 10/29 | Loss: 1.6901
2026-02-18 22:34:37,219 [INFO]   Epoch 8 | Step 20/29 | Loss: 0.8918
2026-02-18 22:35:20,780 [INFO] Epoch 8/100 | Train Loss: 1.3848 | R@1: 0.2381 | R@5: 0.6667 | R@10: 0.8333
2026-02-18 22:35:24,112 [INFO]   Epoch 9 | Step 10/29 | Loss: 1.3619
2026-02-18 22:35:25,321 [INFO]   Epoch 9 | Step 20/29 | Loss: 1.3580
2026-02-18 22:36:08,920 [INFO] Epoch 9/100 | Train Loss: 1.3376 | R@1: 0.2857 | R@5: 0.7143 | R@10: 0.8571
2026-02-18 22:36:12,272 [INFO]   Epoch 10 | Step 10/29 | Loss: 1.3025
2026-02-18 22:36:13,493 [INFO]   Epoch 10 | Step 20/29 | Loss: 1.3938
2026-02-18 22:36:57,050 [INFO] Epoch 10/100 | Train Loss: 1.2420 | R@1: 0.3095 | R@5: 0.7381 | R@10: 0.8810
2026-02-18 22:36:57,492 [INFO]   ✅ Best model saved (R@1=0.3095)
2026-02-18 22:37:00,855 [INFO]   Epoch 11 | Step 10/29 | Loss: 1.2497
2026-02-18 22:37:02,071 [INFO]   Epoch 11 | Step 20/29 | Loss: 1.2319
2026-02-18 22:37:45,668 [INFO] Epoch 11/100 | Train Loss: 1.2205 | R@1: 0.3095 | R@5: 0.7619 | R@10: 0.8810
2026-02-18 22:37:49,871 [INFO]   Epoch 12 | Step 10/29 | Loss: 2.0888
2026-02-18 22:37:51,770 [INFO]   Epoch 12 | Step 20/29 | Loss: 0.6560
2026-02-18 22:38:36,417 [INFO] Epoch 12/100 | Train Loss: 1.2281 | R@1: 0.3571 | R@5: 0.7619 | R@10: 0.8571
2026-02-18 22:38:36,861 [INFO]   ✅ Best model saved (R@1=0.3571)
2026-02-18 22:38:40,269 [INFO]   Epoch 13 | Step 10/29 | Loss: 1.5219
2026-02-18 22:38:41,493 [INFO]   Epoch 13 | Step 20/29 | Loss: 1.2001
2026-02-18 22:39:25,063 [INFO] Epoch 13/100 | Train Loss: 1.1275 | R@1: 0.3095 | R@5: 0.7143 | R@10: 0.9048
2026-02-18 22:39:28,472 [INFO]   Epoch 14 | Step 10/29 | Loss: 1.2397
2026-02-18 22:39:29,687 [INFO]   Epoch 14 | Step 20/29 | Loss: 0.7145
2026-02-18 22:40:13,309 [INFO] Epoch 14/100 | Train Loss: 1.0432 | R@1: 0.3095 | R@5: 0.7143 | R@10: 0.9286
2026-02-18 22:40:16,742 [INFO]   Epoch 15 | Step 10/29 | Loss: 1.1320
2026-02-18 22:40:17,959 [INFO]   Epoch 15 | Step 20/29 | Loss: 1.2455
2026-02-18 22:41:01,557 [INFO] Epoch 15/100 | Train Loss: 1.0044 | R@1: 0.3333 | R@5: 0.7857 | R@10: 0.9524
2026-02-18 22:41:04,974 [INFO]   Epoch 16 | Step 10/29 | Loss: 1.3574
2026-02-18 22:41:06,194 [INFO]   Epoch 16 | Step 20/29 | Loss: 1.4807
2026-02-18 22:41:49,782 [INFO] Epoch 16/100 | Train Loss: 1.0094 | R@1: 0.3571 | R@5: 0.7857 | R@10: 0.9524
2026-02-18 22:41:53,176 [INFO]   Epoch 17 | Step 10/29 | Loss: 0.5553
2026-02-18 22:41:54,399 [INFO]   Epoch 17 | Step 20/29 | Loss: 1.0254
2026-02-18 22:42:37,958 [INFO] Epoch 17/100 | Train Loss: 0.8772 | R@1: 0.3810 | R@5: 0.8333 | R@10: 0.9762
2026-02-18 22:42:38,382 [INFO]   ✅ Best model saved (R@1=0.3810)
2026-02-18 22:42:41,761 [INFO]   Epoch 18 | Step 10/29 | Loss: 0.4682
2026-02-18 22:42:42,987 [INFO]   Epoch 18 | Step 20/29 | Loss: 1.4213
2026-02-18 22:43:26,569 [INFO] Epoch 18/100 | Train Loss: 0.8675 | R@1: 0.3333 | R@5: 0.8810 | R@10: 0.9762
2026-02-18 22:43:29,872 [INFO]   Epoch 19 | Step 10/29 | Loss: 0.4342
2026-02-18 22:43:31,093 [INFO]   Epoch 19 | Step 20/29 | Loss: 0.5701
2026-02-18 22:44:14,701 [INFO] Epoch 19/100 | Train Loss: 0.8249 | R@1: 0.3810 | R@5: 0.8810 | R@10: 0.9762
2026-02-18 22:44:18,169 [INFO]   Epoch 20 | Step 10/29 | Loss: 1.5316
2026-02-18 22:44:19,392 [INFO]   Epoch 20 | Step 20/29 | Loss: 1.3861
2026-02-18 22:45:02,959 [INFO] Epoch 20/100 | Train Loss: 0.7657 | R@1: 0.4048 | R@5: 0.9048 | R@10: 0.9762
2026-02-18 22:45:03,370 [INFO]   ✅ Best model saved (R@1=0.4048)
2026-02-18 22:45:06,733 [INFO]   Epoch 21 | Step 10/29 | Loss: 0.7224
2026-02-18 22:45:07,963 [INFO]   Epoch 21 | Step 20/29 | Loss: 0.2010
2026-02-18 22:45:51,541 [INFO] Epoch 21/100 | Train Loss: 0.5663 | R@1: 0.3810 | R@5: 0.9048 | R@10: 0.9762
2026-02-18 22:45:54,872 [INFO]   Epoch 22 | Step 10/29 | Loss: 0.6419
2026-02-18 22:45:56,100 [INFO]   Epoch 22 | Step 20/29 | Loss: 0.2548
2026-02-18 22:46:39,687 [INFO] Epoch 22/100 | Train Loss: 0.6365 | R@1: 0.3810 | R@5: 0.9286 | R@10: 0.9762
2026-02-18 22:46:43,081 [INFO]   Epoch 23 | Step 10/29 | Loss: 0.7140
2026-02-18 22:46:44,301 [INFO]   Epoch 23 | Step 20/29 | Loss: 0.5337
2026-02-18 22:47:27,903 [INFO] Epoch 23/100 | Train Loss: 0.6089 | R@1: 0.3810 | R@5: 0.9286 | R@10: 0.9762
2026-02-18 22:47:31,275 [INFO]   Epoch 24 | Step 10/29 | Loss: 0.1615
2026-02-18 22:47:32,495 [INFO]   Epoch 24 | Step 20/29 | Loss: 0.3111
2026-02-18 22:48:16,085 [INFO] Epoch 24/100 | Train Loss: 0.5658 | R@1: 0.4048 | R@5: 0.9286 | R@10: 0.9762
2026-02-18 22:48:19,530 [INFO]   Epoch 25 | Step 10/29 | Loss: 0.3201
2026-02-18 22:48:20,750 [INFO]   Epoch 25 | Step 20/29 | Loss: 0.9709
2026-02-18 22:49:04,349 [INFO] Epoch 25/100 | Train Loss: 0.5710 | R@1: 0.4286 | R@5: 0.9286 | R@10: 0.9762
2026-02-18 22:49:04,787 [INFO]   ✅ Best model saved (R@1=0.4286)
2026-02-18 22:49:08,097 [INFO]   Epoch 26 | Step 10/29 | Loss: 1.0200
2026-02-18 22:49:09,314 [INFO]   Epoch 26 | Step 20/29 | Loss: 0.6158
2026-02-18 22:49:52,918 [INFO] Epoch 26/100 | Train Loss: 0.5024 | R@1: 0.4048 | R@5: 0.9286 | R@10: 0.9762
2026-02-18 22:49:56,277 [INFO]   Epoch 27 | Step 10/29 | Loss: 0.2415
2026-02-18 22:49:57,507 [INFO]   Epoch 27 | Step 20/29 | Loss: 0.3519
2026-02-18 22:50:41,085 [INFO] Epoch 27/100 | Train Loss: 0.4641 | R@1: 0.4048 | R@5: 0.9286 | R@10: 0.9762
2026-02-18 22:50:44,580 [INFO]   Epoch 28 | Step 10/29 | Loss: 0.5751
2026-02-18 22:50:45,809 [INFO]   Epoch 28 | Step 20/29 | Loss: 0.2229
2026-02-18 22:51:29,419 [INFO] Epoch 28/100 | Train Loss: 0.4532 | R@1: 0.3810 | R@5: 0.9286 | R@10: 1.0000
2026-02-18 22:51:32,734 [INFO]   Epoch 29 | Step 10/29 | Loss: 0.3225
2026-02-18 22:51:33,960 [INFO]   Epoch 29 | Step 20/29 | Loss: 0.3040
2026-02-18 22:52:17,551 [INFO] Epoch 29/100 | Train Loss: 0.4280 | R@1: 0.3333 | R@5: 0.9286 | R@10: 1.0000
2026-02-18 22:52:20,877 [INFO]   Epoch 30 | Step 10/29 | Loss: 0.7624
2026-02-18 22:52:22,101 [INFO]   Epoch 30 | Step 20/29 | Loss: 0.4917
2026-02-18 22:53:05,686 [INFO] Epoch 30/100 | Train Loss: 0.3902 | R@1: 0.3333 | R@5: 0.9524 | R@10: 1.0000
2026-02-18 22:53:09,173 [INFO]   Epoch 31 | Step 10/29 | Loss: 0.4627
2026-02-18 22:53:10,393 [INFO]   Epoch 31 | Step 20/29 | Loss: 0.4921
2026-02-18 22:53:53,968 [INFO] Epoch 31/100 | Train Loss: 0.3487 | R@1: 0.3333 | R@5: 0.9524 | R@10: 1.0000
2026-02-18 22:53:57,398 [INFO]   Epoch 32 | Step 10/29 | Loss: 0.5501
2026-02-18 22:53:58,624 [INFO]   Epoch 32 | Step 20/29 | Loss: 0.1898
2026-02-18 22:54:42,207 [INFO] Epoch 32/100 | Train Loss: 0.3753 | R@1: 0.3571 | R@5: 0.9762 | R@10: 1.0000
2026-02-18 22:54:45,580 [INFO]   Epoch 33 | Step 10/29 | Loss: 0.2273
2026-02-18 22:54:46,810 [INFO]   Epoch 33 | Step 20/29 | Loss: 0.0544
2026-02-18 22:55:30,374 [INFO] Epoch 33/100 | Train Loss: 0.3573 | R@1: 0.3571 | R@5: 0.9762 | R@10: 1.0000
2026-02-18 22:55:33,777 [INFO]   Epoch 34 | Step 10/29 | Loss: 0.2493
2026-02-18 22:55:34,999 [INFO]   Epoch 34 | Step 20/29 | Loss: 0.2247
2026-02-18 22:56:18,604 [INFO] Epoch 34/100 | Train Loss: 0.4400 | R@1: 0.3333 | R@5: 0.9762 | R@10: 1.0000
2026-02-18 22:56:22,026 [INFO]   Epoch 35 | Step 10/29 | Loss: 0.4856
2026-02-18 22:56:23,242 [INFO]   Epoch 35 | Step 20/29 | Loss: 0.7747
2026-02-18 22:57:06,847 [INFO] Epoch 35/100 | Train Loss: 0.3465 | R@1: 0.3571 | R@5: 0.9762 | R@10: 1.0000
2026-02-18 22:57:10,273 [INFO]   Epoch 36 | Step 10/29 | Loss: 0.0279
2026-02-18 22:57:11,499 [INFO]   Epoch 36 | Step 20/29 | Loss: 0.1542
2026-02-18 22:57:55,072 [INFO] Epoch 36/100 | Train Loss: 0.3442 | R@1: 0.3571 | R@5: 0.9762 | R@10: 1.0000
2026-02-18 22:57:58,429 [INFO]   Epoch 37 | Step 10/29 | Loss: 0.2275
2026-02-18 22:57:59,658 [INFO]   Epoch 37 | Step 20/29 | Loss: 0.0263
2026-02-18 22:58:43,246 [INFO] Epoch 37/100 | Train Loss: 0.3164 | R@1: 0.3571 | R@5: 0.9762 | R@10: 1.0000
2026-02-18 22:58:46,585 [INFO]   Epoch 38 | Step 10/29 | Loss: 0.1958
2026-02-18 22:58:47,811 [INFO]   Epoch 38 | Step 20/29 | Loss: 0.5042
2026-02-18 22:59:31,405 [INFO] Epoch 38/100 | Train Loss: 0.3808 | R@1: 0.3571 | R@5: 1.0000 | R@10: 1.0000
2026-02-18 22:59:34,759 [INFO]   Epoch 39 | Step 10/29 | Loss: 0.1145
2026-02-18 22:59:35,978 [INFO]   Epoch 39 | Step 20/29 | Loss: 0.4956
2026-02-18 23:00:19,549 [INFO] Epoch 39/100 | Train Loss: 0.3002 | R@1: 0.3095 | R@5: 1.0000 | R@10: 1.0000
2026-02-18 23:00:22,898 [INFO]   Epoch 40 | Step 10/29 | Loss: 0.8996
2026-02-18 23:00:24,131 [INFO]   Epoch 40 | Step 20/29 | Loss: 0.2050
2026-02-18 23:01:07,697 [INFO] Epoch 40/100 | Train Loss: 0.3699 | R@1: 0.2857 | R@5: 1.0000 | R@10: 1.0000
2026-02-18 23:01:11,039 [INFO]   Epoch 41 | Step 10/29 | Loss: 0.7556
2026-02-18 23:01:12,260 [INFO]   Epoch 41 | Step 20/29 | Loss: 0.1896
2026-02-18 23:01:55,858 [INFO] Epoch 41/100 | Train Loss: 0.3395 | R@1: 0.2857 | R@5: 1.0000 | R@10: 1.0000
2026-02-18 23:01:59,234 [INFO]   Epoch 42 | Step 10/29 | Loss: 0.2157
2026-02-18 23:02:00,464 [INFO]   Epoch 42 | Step 20/29 | Loss: 0.7751
2026-02-18 23:02:44,076 [INFO] Epoch 42/100 | Train Loss: 0.3090 | R@1: 0.3095 | R@5: 1.0000 | R@10: 1.0000
2026-02-18 23:02:47,415 [INFO]   Epoch 43 | Step 10/29 | Loss: 0.3450
2026-02-18 23:02:48,646 [INFO]   Epoch 43 | Step 20/29 | Loss: 0.4732
2026-02-18 23:03:32,199 [INFO] Epoch 43/100 | Train Loss: 0.2849 | R@1: 0.3095 | R@5: 1.0000 | R@10: 1.0000
2026-02-18 23:03:35,518 [INFO]   Epoch 44 | Step 10/29 | Loss: 0.7778
2026-02-18 23:03:36,742 [INFO]   Epoch 44 | Step 20/29 | Loss: 0.0237
2026-02-18 23:04:20,296 [INFO] Epoch 44/100 | Train Loss: 0.3362 | R@1: 0.3095 | R@5: 1.0000 | R@10: 1.0000
2026-02-18 23:04:23,732 [INFO]   Epoch 45 | Step 10/29 | Loss: 0.0907
2026-02-18 23:04:24,957 [INFO]   Epoch 45 | Step 20/29 | Loss: 0.3481
2026-02-18 23:05:08,554 [INFO] Epoch 45/100 | Train Loss: 0.3795 | R@1: 0.3333 | R@5: 1.0000 | R@10: 1.0000
2026-02-18 23:05:12,002 [INFO]   Epoch 46 | Step 10/29 | Loss: 0.2099
2026-02-18 23:05:13,228 [INFO]   Epoch 46 | Step 20/29 | Loss: 0.0133
2026-02-18 23:06:25,243 [INFO] Epoch 46/100 | Train Loss: 0.2983 | R@1: 0.3095 | R@5: 1.0000 | R@10: 1.0000
2026-02-18 23:06:28,964 [INFO]   Epoch 47 | Step 10/29 | Loss: 0.1832
2026-02-18 23:06:30,225 [INFO]   Epoch 47 | Step 20/29 | Loss: 0.1841
2026-02-18 23:07:13,860 [INFO] Epoch 47/100 | Train Loss: 0.2419 | R@1: 0.3095 | R@5: 1.0000 | R@10: 1.0000
2026-02-18 23:07:17,236 [INFO]   Epoch 48 | Step 10/29 | Loss: 0.1851
2026-02-18 23:07:18,465 [INFO]   Epoch 48 | Step 20/29 | Loss: 0.1959
2026-02-18 23:08:30,462 [INFO] Epoch 48/100 | Train Loss: 0.3271 | R@1: 0.3095 | R@5: 1.0000 | R@10: 1.0000
2026-02-18 23:08:33,928 [INFO]   Epoch 49 | Step 10/29 | Loss: 0.1134
2026-02-18 23:08:35,194 [INFO]   Epoch 49 | Step 20/29 | Loss: 0.4135
2026-02-18 23:09:18,785 [INFO] Epoch 49/100 | Train Loss: 0.3026 | R@1: 0.3095 | R@5: 1.0000 | R@10: 1.0000
2026-02-18 23:09:22,142 [INFO]   Epoch 50 | Step 10/29 | Loss: 0.4591
2026-02-18 23:09:23,375 [INFO]   Epoch 50 | Step 20/29 | Loss: 0.2566
2026-02-18 23:10:06,958 [INFO] Epoch 50/100 | Train Loss: 0.2254 | R@1: 0.3095 | R@5: 1.0000 | R@10: 1.0000
2026-02-18 23:10:10,320 [INFO]   Epoch 51 | Step 10/29 | Loss: 0.1923
2026-02-18 23:10:11,542 [INFO]   Epoch 51 | Step 20/29 | Loss: 0.6464
2026-02-18 23:10:55,148 [INFO] Epoch 51/100 | Train Loss: 0.3292 | R@1: 0.3333 | R@5: 1.0000 | R@10: 1.0000
2026-02-18 23:11:27,464 [INFO]   Epoch 52 | Step 10/29 | Loss: 0.0163
2026-02-18 23:11:28,727 [INFO]   Epoch 52 | Step 20/29 | Loss: 0.4271
2026-02-18 23:12:12,417 [INFO] Epoch 52/100 | Train Loss: 0.2477 | R@1: 0.3333 | R@5: 1.0000 | R@10: 1.0000
2026-02-18 23:12:15,786 [INFO]   Epoch 53 | Step 10/29 | Loss: 0.7994
2026-02-18 23:12:17,006 [INFO]   Epoch 53 | Step 20/29 | Loss: 0.2933
2026-02-18 23:13:00,571 [INFO] Epoch 53/100 | Train Loss: 0.3068 | R@1: 0.3333 | R@5: 1.0000 | R@10: 1.0000
2026-02-18 23:13:03,966 [INFO]   Epoch 54 | Step 10/29 | Loss: 0.3848
2026-02-18 23:13:05,188 [INFO]   Epoch 54 | Step 20/29 | Loss: 0.3921
2026-02-18 23:14:17,704 [INFO] Epoch 54/100 | Train Loss: 0.2800 | R@1: 0.3095 | R@5: 1.0000 | R@10: 1.0000
2026-02-18 23:14:21,385 [INFO]   Epoch 55 | Step 10/29 | Loss: 0.1781
2026-02-18 23:14:22,646 [INFO]   Epoch 55 | Step 20/29 | Loss: 0.2016
2026-02-18 23:15:06,270 [INFO] Epoch 55/100 | Train Loss: 0.2931 | R@1: 0.3095 | R@5: 1.0000 | R@10: 1.0000
2026-02-18 23:15:09,721 [INFO]   Epoch 56 | Step 10/29 | Loss: 0.1753
2026-02-18 23:15:10,948 [INFO]   Epoch 56 | Step 20/29 | Loss: 0.0834
2026-02-18 23:16:23,000 [INFO] Epoch 56/100 | Train Loss: 0.2716 | R@1: 0.2857 | R@5: 1.0000 | R@10: 1.0000
2026-02-18 23:16:26,687 [INFO]   Epoch 57 | Step 10/29 | Loss: 0.3983
2026-02-18 23:16:27,943 [INFO]   Epoch 57 | Step 20/29 | Loss: 0.1831
2026-02-18 23:17:11,688 [INFO] Epoch 57/100 | Train Loss: 0.2729 | R@1: 0.2857 | R@5: 1.0000 | R@10: 1.0000
2026-02-18 23:17:15,100 [INFO]   Epoch 58 | Step 10/29 | Loss: 0.0180
2026-02-18 23:17:16,332 [INFO]   Epoch 58 | Step 20/29 | Loss: 0.3530
2026-02-18 23:18:28,407 [INFO] Epoch 58/100 | Train Loss: 0.2429 | R@1: 0.2857 | R@5: 1.0000 | R@10: 1.0000
2026-02-18 23:18:32,232 [INFO]   Epoch 59 | Step 10/29 | Loss: 0.0116
2026-02-18 23:18:33,485 [INFO]   Epoch 59 | Step 20/29 | Loss: 0.1904
2026-02-18 23:19:17,159 [INFO] Epoch 59/100 | Train Loss: 0.2378 | R@1: 0.2619 | R@5: 1.0000 | R@10: 1.0000
2026-02-18 23:19:20,543 [INFO]   Epoch 60 | Step 10/29 | Loss: 0.5089
2026-02-18 23:19:21,760 [INFO]   Epoch 60 | Step 20/29 | Loss: 0.0124
2026-02-18 23:20:05,386 [INFO] Epoch 60/100 | Train Loss: 0.1850 | R@1: 0.2857 | R@5: 1.0000 | R@10: 1.0000
2026-02-18 23:20:08,850 [INFO]   Epoch 61 | Step 10/29 | Loss: 0.1857
2026-02-18 23:20:10,075 [INFO]   Epoch 61 | Step 20/29 | Loss: 0.2722
2026-02-18 23:21:22,293 [INFO] Epoch 61/100 | Train Loss: 0.1632 | R@1: 0.2857 | R@5: 1.0000 | R@10: 1.0000
2026-02-18 23:21:25,753 [INFO]   Epoch 62 | Step 10/29 | Loss: 0.2765
2026-02-18 23:21:26,975 [INFO]   Epoch 62 | Step 20/29 | Loss: 0.1948
2026-02-18 23:22:10,565 [INFO] Epoch 62/100 | Train Loss: 0.2576 | R@1: 0.2857 | R@5: 1.0000 | R@10: 1.0000
2026-02-18 23:22:13,941 [INFO]   Epoch 63 | Step 10/29 | Loss: 0.0052
2026-02-18 23:22:15,160 [INFO]   Epoch 63 | Step 20/29 | Loss: 0.0051
2026-02-18 23:23:27,306 [INFO] Epoch 63/100 | Train Loss: 0.1890 | R@1: 0.2857 | R@5: 1.0000 | R@10: 1.0000
2026-02-18 23:23:30,828 [INFO]   Epoch 64 | Step 10/29 | Loss: 0.1769
2026-02-18 23:23:32,098 [INFO]   Epoch 64 | Step 20/29 | Loss: 0.1597
2026-02-18 23:24:15,728 [INFO] Epoch 64/100 | Train Loss: 0.2377 | R@1: 0.2619 | R@5: 1.0000 | R@10: 1.0000
2026-02-18 23:24:19,066 [INFO]   Epoch 65 | Step 10/29 | Loss: 0.1772
2026-02-18 23:24:20,293 [INFO]   Epoch 65 | Step 20/29 | Loss: 0.3748
2026-02-18 23:25:03,875 [INFO] Epoch 65/100 | Train Loss: 0.2724 | R@1: 0.2619 | R@5: 1.0000 | R@10: 1.0000
2026-02-18 23:25:07,243 [INFO]   Epoch 66 | Step 10/29 | Loss: 0.0065
2026-02-18 23:25:08,461 [INFO]   Epoch 66 | Step 20/29 | Loss: 0.0112
2026-02-18 23:26:20,697 [INFO] Epoch 66/100 | Train Loss: 0.2315 | R@1: 0.2619 | R@5: 1.0000 | R@10: 1.0000
2026-02-18 23:26:24,249 [INFO]   Epoch 67 | Step 10/29 | Loss: 0.7495
2026-02-18 23:26:25,477 [INFO]   Epoch 67 | Step 20/29 | Loss: 0.0155
2026-02-18 23:27:09,059 [INFO] Epoch 67/100 | Train Loss: 0.2842 | R@1: 0.2619 | R@5: 1.0000 | R@10: 1.0000
2026-02-18 23:27:12,429 [INFO]   Epoch 68 | Step 10/29 | Loss: 0.4632
2026-02-18 23:27:13,656 [INFO]   Epoch 68 | Step 20/29 | Loss: 0.3491
2026-02-18 23:28:25,673 [INFO] Epoch 68/100 | Train Loss: 0.2483 | R@1: 0.2381 | R@5: 1.0000 | R@10: 1.0000
2026-02-18 23:28:29,173 [INFO]   Epoch 69 | Step 10/29 | Loss: 0.2146
2026-02-18 23:28:30,436 [INFO]   Epoch 69 | Step 20/29 | Loss: 0.0026
2026-02-18 23:29:14,080 [INFO] Epoch 69/100 | Train Loss: 0.2107 | R@1: 0.2381 | R@5: 1.0000 | R@10: 1.0000
2026-02-18 23:29:17,445 [INFO]   Epoch 70 | Step 10/29 | Loss: 0.4399
2026-02-18 23:29:18,662 [INFO]   Epoch 70 | Step 20/29 | Loss: 0.1603
2026-02-18 23:30:02,253 [INFO] Epoch 70/100 | Train Loss: 0.1956 | R@1: 0.2619 | R@5: 1.0000 | R@10: 1.0000
2026-02-18 23:30:34,421 [INFO]   Epoch 71 | Step 10/29 | Loss: 0.6306
2026-02-18 23:30:35,721 [INFO]   Epoch 71 | Step 20/29 | Loss: 0.4907
2026-02-18 23:31:19,376 [INFO] Epoch 71/100 | Train Loss: 0.3050 | R@1: 0.2381 | R@5: 1.0000 | R@10: 1.0000
2026-02-18 23:31:22,778 [INFO]   Epoch 72 | Step 10/29 | Loss: 0.4537
2026-02-18 23:31:23,992 [INFO]   Epoch 72 | Step 20/29 | Loss: 0.1783
2026-02-18 23:32:07,579 [INFO] Epoch 72/100 | Train Loss: 0.2531 | R@1: 0.2381 | R@5: 1.0000 | R@10: 1.0000
2026-02-18 23:32:10,986 [INFO]   Epoch 73 | Step 10/29 | Loss: 0.0063
2026-02-18 23:32:12,203 [INFO]   Epoch 73 | Step 20/29 | Loss: 0.1806
2026-02-18 23:33:24,275 [INFO] Epoch 73/100 | Train Loss: 0.2299 | R@1: 0.2381 | R@5: 1.0000 | R@10: 1.0000
2026-02-18 23:33:27,682 [INFO]   Epoch 74 | Step 10/29 | Loss: 0.1219
2026-02-18 23:33:28,940 [INFO]   Epoch 74 | Step 20/29 | Loss: 0.0055
2026-02-18 23:34:12,556 [INFO] Epoch 74/100 | Train Loss: 0.3110 | R@1: 0.2619 | R@5: 1.0000 | R@10: 1.0000
2026-02-18 23:34:16,126 [INFO]   Epoch 75 | Step 10/29 | Loss: 0.1842
2026-02-18 23:34:17,354 [INFO]   Epoch 75 | Step 20/29 | Loss: 0.2166
2026-02-18 23:35:29,430 [INFO] Epoch 75/100 | Train Loss: 0.2228 | R@1: 0.2619 | R@5: 1.0000 | R@10: 1.0000
2026-02-18 23:35:32,892 [INFO]   Epoch 76 | Step 10/29 | Loss: 0.2087
2026-02-18 23:35:34,169 [INFO]   Epoch 76 | Step 20/29 | Loss: 0.3387
2026-02-18 23:36:17,833 [INFO] Epoch 76/100 | Train Loss: 0.2473 | R@1: 0.2381 | R@5: 1.0000 | R@10: 1.0000
2026-02-18 23:36:21,229 [INFO]   Epoch 77 | Step 10/29 | Loss: 0.1832
2026-02-18 23:36:22,455 [INFO]   Epoch 77 | Step 20/29 | Loss: 0.2072
2026-02-18 23:37:06,023 [INFO] Epoch 77/100 | Train Loss: 0.1824 | R@1: 0.2857 | R@5: 1.0000 | R@10: 1.0000
2026-02-18 23:37:09,468 [INFO]   Epoch 78 | Step 10/29 | Loss: 0.1791
2026-02-18 23:37:10,687 [INFO]   Epoch 78 | Step 20/29 | Loss: 0.2055
2026-02-18 23:38:22,782 [INFO] Epoch 78/100 | Train Loss: 0.1937 | R@1: 0.2381 | R@5: 1.0000 | R@10: 1.0000
2026-02-18 23:38:26,254 [INFO]   Epoch 79 | Step 10/29 | Loss: 0.3552
2026-02-18 23:38:27,519 [INFO]   Epoch 79 | Step 20/29 | Loss: 0.3516
2026-02-18 23:39:11,171 [INFO] Epoch 79/100 | Train Loss: 0.2210 | R@1: 0.2381 | R@5: 1.0000 | R@10: 1.0000
2026-02-18 23:39:14,706 [INFO]   Epoch 80 | Step 10/29 | Loss: 0.4388
2026-02-18 23:39:15,931 [INFO]   Epoch 80 | Step 20/29 | Loss: 0.5331
2026-02-18 23:40:27,897 [INFO] Epoch 80/100 | Train Loss: 0.2415 | R@1: 0.2619 | R@5: 1.0000 | R@10: 1.0000
2026-02-18 23:40:31,344 [INFO]   Epoch 81 | Step 10/29 | Loss: 0.3561
2026-02-18 23:40:32,613 [INFO]   Epoch 81 | Step 20/29 | Loss: 0.1926
2026-02-18 23:41:16,257 [INFO] Epoch 81/100 | Train Loss: 0.2326 | R@1: 0.2619 | R@5: 1.0000 | R@10: 1.0000
2026-02-18 23:41:19,713 [INFO]   Epoch 82 | Step 10/29 | Loss: 0.5769
2026-02-18 23:41:20,935 [INFO]   Epoch 82 | Step 20/29 | Loss: 0.0021
2026-02-18 23:42:04,539 [INFO] Epoch 82/100 | Train Loss: 0.2295 | R@1: 0.2857 | R@5: 1.0000 | R@10: 1.0000
2026-02-18 23:42:07,945 [INFO]   Epoch 83 | Step 10/29 | Loss: 0.3365
2026-02-18 23:42:09,173 [INFO]   Epoch 83 | Step 20/29 | Loss: 0.0062
2026-02-18 23:43:21,288 [INFO] Epoch 83/100 | Train Loss: 0.2080 | R@1: 0.2381 | R@5: 1.0000 | R@10: 1.0000
2026-02-18 23:43:24,740 [INFO]   Epoch 84 | Step 10/29 | Loss: 0.1772
2026-02-18 23:43:26,018 [INFO]   Epoch 84 | Step 20/29 | Loss: 0.1766
2026-02-18 23:44:09,681 [INFO] Epoch 84/100 | Train Loss: 0.1938 | R@1: 0.2381 | R@5: 1.0000 | R@10: 1.0000
2026-02-18 23:44:13,074 [INFO]   Epoch 85 | Step 10/29 | Loss: 0.3841
2026-02-18 23:44:14,289 [INFO]   Epoch 85 | Step 20/29 | Loss: 0.2772
2026-02-18 23:44:57,917 [INFO] Epoch 85/100 | Train Loss: 0.2487 | R@1: 0.2143 | R@5: 1.0000 | R@10: 1.0000
2026-02-18 23:45:01,326 [INFO]   Epoch 86 | Step 10/29 | Loss: 0.0868
2026-02-18 23:45:02,548 [INFO]   Epoch 86 | Step 20/29 | Loss: 0.4010
2026-02-18 23:46:14,724 [INFO] Epoch 86/100 | Train Loss: 0.2768 | R@1: 0.2857 | R@5: 1.0000 | R@10: 1.0000
2026-02-18 23:46:18,111 [INFO]   Epoch 87 | Step 10/29 | Loss: 0.3305
2026-02-18 23:46:19,333 [INFO]   Epoch 87 | Step 20/29 | Loss: 0.0037
2026-02-18 23:47:02,945 [INFO] Epoch 87/100 | Train Loss: 0.1944 | R@1: 0.2143 | R@5: 1.0000 | R@10: 1.0000
2026-02-18 23:47:06,303 [INFO]   Epoch 88 | Step 10/29 | Loss: 0.1533
2026-02-18 23:47:07,531 [INFO]   Epoch 88 | Step 20/29 | Loss: 0.1864
2026-02-18 23:48:19,937 [INFO] Epoch 88/100 | Train Loss: 0.2432 | R@1: 0.2143 | R@5: 1.0000 | R@10: 1.0000
2026-02-18 23:48:23,438 [INFO]   Epoch 89 | Step 10/29 | Loss: 0.3302
2026-02-18 23:48:24,704 [INFO]   Epoch 89 | Step 20/29 | Loss: 0.0022
2026-02-18 23:49:08,343 [INFO] Epoch 89/100 | Train Loss: 0.2328 | R@1: 0.2381 | R@5: 1.0000 | R@10: 1.0000
2026-02-18 23:49:11,747 [INFO]   Epoch 90 | Step 10/29 | Loss: 0.2191
2026-02-18 23:49:12,981 [INFO]   Epoch 90 | Step 20/29 | Loss: 0.0019
2026-02-18 23:49:56,577 [INFO] Epoch 90/100 | Train Loss: 0.2523 | R@1: 0.1905 | R@5: 1.0000 | R@10: 1.0000
2026-02-18 23:50:28,765 [INFO]   Epoch 91 | Step 10/29 | Loss: 0.3473
2026-02-18 23:50:30,056 [INFO]   Epoch 91 | Step 20/29 | Loss: 0.3896
2026-02-18 23:51:13,721 [INFO] Epoch 91/100 | Train Loss: 0.2750 | R@1: 0.2143 | R@5: 1.0000 | R@10: 1.0000
2026-02-18 23:51:17,066 [INFO]   Epoch 92 | Step 10/29 | Loss: 0.0086
2026-02-18 23:51:18,284 [INFO]   Epoch 92 | Step 20/29 | Loss: 0.1762
2026-02-18 23:52:01,859 [INFO] Epoch 92/100 | Train Loss: 0.2621 | R@1: 0.2619 | R@5: 1.0000 | R@10: 1.0000
2026-02-18 23:52:05,148 [INFO]   Epoch 93 | Step 10/29 | Loss: 0.4128
2026-02-18 23:52:06,366 [INFO]   Epoch 93 | Step 20/29 | Loss: 0.1923
2026-02-18 23:52:57,408 [INFO] Epoch 93/100 | Train Loss: 0.2307 | R@1: 0.2381 | R@5: 1.0000 | R@10: 1.0000
2026-02-18 23:53:00,903 [INFO]   Epoch 94 | Step 10/29 | Loss: 0.0017
2026-02-18 23:53:02,173 [INFO]   Epoch 94 | Step 20/29 | Loss: 0.1796
2026-02-18 23:53:45,810 [INFO] Epoch 94/100 | Train Loss: 0.2001 | R@1: 0.2381 | R@5: 1.0000 | R@10: 1.0000
2026-02-18 23:53:49,247 [INFO]   Epoch 95 | Step 10/29 | Loss: 0.3761
2026-02-18 23:53:50,475 [INFO]   Epoch 95 | Step 20/29 | Loss: 0.1757
2026-02-18 23:55:02,483 [INFO] Epoch 95/100 | Train Loss: 0.2380 | R@1: 0.2381 | R@5: 1.0000 | R@10: 1.0000
2026-02-18 23:55:06,041 [INFO]   Epoch 96 | Step 10/29 | Loss: 0.1754
2026-02-18 23:55:07,320 [INFO]   Epoch 96 | Step 20/29 | Loss: 0.1750
2026-02-18 23:55:50,987 [INFO] Epoch 96/100 | Train Loss: 0.2183 | R@1: 0.2143 | R@5: 1.0000 | R@10: 1.0000
2026-02-18 23:55:54,422 [INFO]   Epoch 97 | Step 10/29 | Loss: 0.1446
2026-02-18 23:55:55,646 [INFO]   Epoch 97 | Step 20/29 | Loss: 0.1222
2026-02-18 23:56:39,258 [INFO] Epoch 97/100 | Train Loss: 0.2104 | R@1: 0.2381 | R@5: 1.0000 | R@10: 1.0000
2026-02-18 23:56:42,580 [INFO]   Epoch 98 | Step 10/29 | Loss: 0.4965
2026-02-18 23:56:43,801 [INFO]   Epoch 98 | Step 20/29 | Loss: 0.0027
2026-02-18 23:57:55,827 [INFO] Epoch 98/100 | Train Loss: 0.2170 | R@1: 0.2143 | R@5: 1.0000 | R@10: 1.0000
2026-02-18 23:57:59,345 [INFO]   Epoch 99 | Step 10/29 | Loss: 0.1778
2026-02-18 23:58:00,630 [INFO]   Epoch 99 | Step 20/29 | Loss: 0.4217
2026-02-18 23:58:44,270 [INFO] Epoch 99/100 | Train Loss: 0.2362 | R@1: 0.2381 | R@5: 1.0000 | R@10: 1.0000
2026-02-18 23:58:47,618 [INFO]   Epoch 100 | Step 10/29 | Loss: 0.1777
2026-02-18 23:58:48,844 [INFO]   Epoch 100 | Step 20/29 | Loss: 0.0042
2026-02-18 23:59:32,408 [INFO] Epoch 100/100 | Train Loss: 0.2191 | R@1: 0.2143 | R@5: 1.0000 | R@10: 1.0000
2026-02-18 23:59:32,539 [INFO] 학습 완료!
2026-02-19 09:13:27,681 [INFO] Device: mps
2026-02-19 09:13:28,063 [INFO] ✅ 총 유효 페어: 277개 (combined=167, reject=55, reject_v2=55)
2026-02-19 09:13:28,064 [INFO] Train: 235쌍 | Val: 42쌍
2026-02-19 09:13:31,160 [INFO] 학습 파라미터: 14,177,281 / 151,277,313 (9.4%)
2026-02-19 09:13:37,703 [INFO]   Epoch 1 | Step 10/29 | Loss: 1.3169
2026-02-19 09:13:39,608 [INFO]   Epoch 1 | Step 20/29 | Loss: 0.8807
2026-02-19 09:14:25,357 [INFO] Epoch 1/100 | Train Loss: 1.4575 | R@1: 0.2857 | R@5: 0.6429 | R@10: 0.8095
2026-02-19 09:14:26,163 [INFO]   ✅ Best model saved (R@1=0.2857)
2026-02-19 09:14:31,459 [INFO]   Epoch 2 | Step 10/29 | Loss: 1.8083
2026-02-19 09:14:33,397 [INFO]   Epoch 2 | Step 20/29 | Loss: 1.2188
2026-02-19 09:15:19,026 [INFO] Epoch 2/100 | Train Loss: 1.4552 | R@1: 0.2619 | R@5: 0.6429 | R@10: 0.8095
2026-02-19 09:15:24,350 [INFO]   Epoch 3 | Step 10/29 | Loss: 1.6460
2026-02-19 09:15:26,269 [INFO]   Epoch 3 | Step 20/29 | Loss: 1.4652
2026-02-19 09:16:12,154 [INFO] Epoch 3/100 | Train Loss: 1.4971 | R@1: 0.2619 | R@5: 0.6429 | R@10: 0.8095
2026-02-19 09:16:17,629 [INFO]   Epoch 4 | Step 10/29 | Loss: 1.0546
2026-02-19 09:16:19,565 [INFO]   Epoch 4 | Step 20/29 | Loss: 1.4899
2026-02-19 09:17:05,404 [INFO] Epoch 4/100 | Train Loss: 1.4134 | R@1: 0.2619 | R@5: 0.6429 | R@10: 0.8095
2026-02-19 09:17:10,872 [INFO]   Epoch 5 | Step 10/29 | Loss: 1.5940
2026-02-19 09:17:13,039 [INFO]   Epoch 5 | Step 20/29 | Loss: 0.5640
2026-02-19 09:17:58,898 [INFO] Epoch 5/100 | Train Loss: 1.4023 | R@1: 0.2857 | R@5: 0.6429 | R@10: 0.8095
2026-02-19 09:18:04,244 [INFO]   Epoch 6 | Step 10/29 | Loss: 1.0301
2026-02-19 09:18:06,197 [INFO]   Epoch 6 | Step 20/29 | Loss: 1.6795
2026-02-19 09:18:51,864 [INFO] Epoch 6/100 | Train Loss: 1.4099 | R@1: 0.2857 | R@5: 0.6429 | R@10: 0.8095
2026-02-19 09:18:57,204 [INFO]   Epoch 7 | Step 10/29 | Loss: 1.9104
2026-02-19 09:18:59,158 [INFO]   Epoch 7 | Step 20/29 | Loss: 1.4396
2026-02-19 09:19:44,772 [INFO] Epoch 7/100 | Train Loss: 1.3554 | R@1: 0.2619 | R@5: 0.6429 | R@10: 0.8333
2026-02-19 09:19:50,144 [INFO]   Epoch 8 | Step 10/29 | Loss: 1.6899
2026-02-19 09:19:52,156 [INFO]   Epoch 8 | Step 20/29 | Loss: 0.8917
2026-02-19 09:20:37,820 [INFO] Epoch 8/100 | Train Loss: 1.3846 | R@1: 0.2381 | R@5: 0.6667 | R@10: 0.8333
2026-02-19 09:20:43,254 [INFO]   Epoch 9 | Step 10/29 | Loss: 1.3618
2026-02-19 09:20:45,230 [INFO]   Epoch 9 | Step 20/29 | Loss: 1.3578
2026-02-19 09:21:30,928 [INFO] Epoch 9/100 | Train Loss: 1.3374 | R@1: 0.2857 | R@5: 0.7143 | R@10: 0.8571
2026-02-19 09:21:36,363 [INFO]   Epoch 10 | Step 10/29 | Loss: 1.3022
2026-02-19 09:21:38,385 [INFO]   Epoch 10 | Step 20/29 | Loss: 1.3934
2026-02-19 09:22:24,122 [INFO] Epoch 10/100 | Train Loss: 1.2418 | R@1: 0.3095 | R@5: 0.7381 | R@10: 0.8810
2026-02-19 09:22:24,992 [INFO]   ✅ Best model saved (R@1=0.3095)
2026-02-19 09:22:30,576 [INFO]   Epoch 11 | Step 10/29 | Loss: 1.2492
2026-02-19 09:22:32,551 [INFO]   Epoch 11 | Step 20/29 | Loss: 1.2316
2026-02-19 09:23:18,526 [INFO] Epoch 11/100 | Train Loss: 1.2202 | R@1: 0.3095 | R@5: 0.7619 | R@10: 0.8810
2026-02-19 09:23:24,188 [INFO]   Epoch 12 | Step 10/29 | Loss: 2.0884
2026-02-19 09:23:26,162 [INFO]   Epoch 12 | Step 20/29 | Loss: 0.6558
2026-02-19 09:24:12,091 [INFO] Epoch 12/100 | Train Loss: 1.2278 | R@1: 0.3571 | R@5: 0.7619 | R@10: 0.8810
2026-02-19 09:24:12,879 [INFO]   ✅ Best model saved (R@1=0.3571)
2026-02-19 09:24:18,358 [INFO]   Epoch 13 | Step 10/29 | Loss: 1.5217
2026-02-19 09:24:20,307 [INFO]   Epoch 13 | Step 20/29 | Loss: 1.2000
2026-02-19 09:25:05,992 [INFO] Epoch 13/100 | Train Loss: 1.1272 | R@1: 0.3095 | R@5: 0.7143 | R@10: 0.9048
2026-02-19 09:25:11,541 [INFO]   Epoch 14 | Step 10/29 | Loss: 1.2392
2026-02-19 09:25:13,510 [INFO]   Epoch 14 | Step 20/29 | Loss: 0.7141
2026-02-19 09:25:59,445 [INFO] Epoch 14/100 | Train Loss: 1.0428 | R@1: 0.3095 | R@5: 0.7143 | R@10: 0.9286
2026-02-19 09:26:05,343 [INFO]   Epoch 15 | Step 10/29 | Loss: 1.1315
2026-02-19 09:26:07,358 [INFO]   Epoch 15 | Step 20/29 | Loss: 1.2450
2026-02-19 09:26:53,509 [INFO] Epoch 15/100 | Train Loss: 1.0040 | R@1: 0.3333 | R@5: 0.7857 | R@10: 0.9524
2026-02-19 09:26:59,430 [INFO]   Epoch 16 | Step 10/29 | Loss: 1.3569
2026-02-19 09:27:01,483 [INFO]   Epoch 16 | Step 20/29 | Loss: 1.4802
2026-02-19 09:27:47,323 [INFO] Epoch 16/100 | Train Loss: 1.0090 | R@1: 0.3571 | R@5: 0.7857 | R@10: 0.9524
2026-02-19 09:27:53,201 [INFO]   Epoch 17 | Step 10/29 | Loss: 0.5547
2026-02-19 09:27:55,456 [INFO]   Epoch 17 | Step 20/29 | Loss: 1.0248
2026-02-19 09:28:41,574 [INFO] Epoch 17/100 | Train Loss: 0.8768 | R@1: 0.3810 | R@5: 0.8333 | R@10: 0.9762
2026-02-19 09:28:42,451 [INFO]   ✅ Best model saved (R@1=0.3810)
2026-02-19 09:28:48,271 [INFO]   Epoch 18 | Step 10/29 | Loss: 0.4680
2026-02-19 09:28:50,302 [INFO]   Epoch 18 | Step 20/29 | Loss: 1.4211
2026-02-19 09:29:36,406 [INFO] Epoch 18/100 | Train Loss: 0.8671 | R@1: 0.3333 | R@5: 0.8810 | R@10: 0.9762
2026-02-19 09:29:42,326 [INFO]   Epoch 19 | Step 10/29 | Loss: 0.4338
2026-02-19 09:29:44,512 [INFO]   Epoch 19 | Step 20/29 | Loss: 0.5696
2026-02-19 09:30:30,909 [INFO] Epoch 19/100 | Train Loss: 0.8245 | R@1: 0.3810 | R@5: 0.8810 | R@10: 0.9762
2026-02-19 09:30:37,018 [INFO]   Epoch 20 | Step 10/29 | Loss: 1.5315
2026-02-19 09:30:39,317 [INFO]   Epoch 20 | Step 20/29 | Loss: 1.3859
2026-02-19 09:31:25,557 [INFO] Epoch 20/100 | Train Loss: 0.7653 | R@1: 0.4048 | R@5: 0.9048 | R@10: 0.9762
2026-02-19 09:31:26,408 [INFO]   ✅ Best model saved (R@1=0.4048)
2026-02-19 09:31:32,431 [INFO]   Epoch 21 | Step 10/29 | Loss: 0.7220
2026-02-19 09:31:34,614 [INFO]   Epoch 21 | Step 20/29 | Loss: 0.2008
2026-02-19 09:32:21,228 [INFO] Epoch 21/100 | Train Loss: 0.5659 | R@1: 0.3810 | R@5: 0.9048 | R@10: 0.9762
2026-02-19 09:32:27,197 [INFO]   Epoch 22 | Step 10/29 | Loss: 0.6415
2026-02-19 09:32:29,285 [INFO]   Epoch 22 | Step 20/29 | Loss: 0.2546
2026-02-19 09:33:15,656 [INFO] Epoch 22/100 | Train Loss: 0.6362 | R@1: 0.3810 | R@5: 0.9286 | R@10: 0.9762
2026-02-19 09:33:21,660 [INFO]   Epoch 23 | Step 10/29 | Loss: 0.7137
2026-02-19 09:33:23,754 [INFO]   Epoch 23 | Step 20/29 | Loss: 0.5336
2026-02-19 09:34:09,595 [INFO] Epoch 23/100 | Train Loss: 0.6086 | R@1: 0.3810 | R@5: 0.9286 | R@10: 0.9762
2026-02-19 09:34:14,961 [INFO]   Epoch 24 | Step 10/29 | Loss: 0.1613
2026-02-19 09:34:16,919 [INFO]   Epoch 24 | Step 20/29 | Loss: 0.3109
2026-02-19 09:35:02,624 [INFO] Epoch 24/100 | Train Loss: 0.5655 | R@1: 0.4048 | R@5: 0.9286 | R@10: 0.9762
2026-02-19 09:35:08,141 [INFO]   Epoch 25 | Step 10/29 | Loss: 0.3200
2026-02-19 09:35:10,101 [INFO]   Epoch 25 | Step 20/29 | Loss: 0.9708
2026-02-19 09:35:55,767 [INFO] Epoch 25/100 | Train Loss: 0.5708 | R@1: 0.4286 | R@5: 0.9286 | R@10: 0.9762
2026-02-19 09:35:56,566 [INFO]   ✅ Best model saved (R@1=0.4286)
2026-02-19 09:36:02,023 [INFO]   Epoch 26 | Step 10/29 | Loss: 1.0198
2026-02-19 09:36:03,982 [INFO]   Epoch 26 | Step 20/29 | Loss: 0.6157
2026-02-19 09:36:49,675 [INFO] Epoch 26/100 | Train Loss: 0.5022 | R@1: 0.4048 | R@5: 0.9286 | R@10: 0.9762
2026-02-19 09:36:55,005 [INFO]   Epoch 27 | Step 10/29 | Loss: 0.2414
2026-02-19 09:36:57,033 [INFO]   Epoch 27 | Step 20/29 | Loss: 0.3517
2026-02-19 09:37:42,765 [INFO] Epoch 27/100 | Train Loss: 0.4639 | R@1: 0.4048 | R@5: 0.9286 | R@10: 0.9762
2026-02-19 09:37:48,404 [INFO]   Epoch 28 | Step 10/29 | Loss: 0.5751
2026-02-19 09:37:50,380 [INFO]   Epoch 28 | Step 20/29 | Loss: 0.2227
2026-02-19 09:38:36,041 [INFO] Epoch 28/100 | Train Loss: 0.4530 | R@1: 0.3810 | R@5: 0.9286 | R@10: 1.0000
2026-02-19 09:38:41,388 [INFO]   Epoch 29 | Step 10/29 | Loss: 0.3224
2026-02-19 09:38:43,338 [INFO]   Epoch 29 | Step 20/29 | Loss: 0.3038
2026-02-19 09:39:29,060 [INFO] Epoch 29/100 | Train Loss: 0.4279 | R@1: 0.3333 | R@5: 0.9286 | R@10: 1.0000
2026-02-19 09:39:34,489 [INFO]   Epoch 30 | Step 10/29 | Loss: 0.7624
2026-02-19 09:39:36,446 [INFO]   Epoch 30 | Step 20/29 | Loss: 0.4915
2026-02-19 09:40:22,119 [INFO] Epoch 30/100 | Train Loss: 0.3901 | R@1: 0.3333 | R@5: 0.9524 | R@10: 1.0000
2026-02-19 09:40:27,708 [INFO]   Epoch 31 | Step 10/29 | Loss: 0.4626
2026-02-19 09:40:29,675 [INFO]   Epoch 31 | Step 20/29 | Loss: 0.4920
2026-02-19 09:41:15,388 [INFO] Epoch 31/100 | Train Loss: 0.3486 | R@1: 0.3333 | R@5: 0.9524 | R@10: 1.0000
2026-02-19 09:41:20,844 [INFO]   Epoch 32 | Step 10/29 | Loss: 0.5499
2026-02-19 09:41:22,812 [INFO]   Epoch 32 | Step 20/29 | Loss: 0.1897
2026-02-19 09:42:08,470 [INFO] Epoch 32/100 | Train Loss: 0.3752 | R@1: 0.3571 | R@5: 0.9762 | R@10: 1.0000
2026-02-19 09:42:13,873 [INFO]   Epoch 33 | Step 10/29 | Loss: 0.2272
2026-02-19 09:42:15,861 [INFO]   Epoch 33 | Step 20/29 | Loss: 0.0543
2026-02-19 09:56:20,548 [INFO] Epoch 33/100 | Train Loss: 0.3572 | R@1: 0.3571 | R@5: 0.9762 | R@10: 1.0000
2026-02-19 09:56:28,018 [INFO]   Epoch 34 | Step 10/29 | Loss: 0.2493
2026-02-19 09:56:30,216 [INFO]   Epoch 34 | Step 20/29 | Loss: 0.2247
2026-02-19 09:57:16,923 [INFO] Epoch 34/100 | Train Loss: 0.4399 | R@1: 0.3333 | R@5: 0.9762 | R@10: 1.0000
2026-02-19 09:57:22,792 [INFO]   Epoch 35 | Step 10/29 | Loss: 0.4855
2026-02-19 09:57:24,833 [INFO]   Epoch 35 | Step 20/29 | Loss: 0.7747
2026-02-19 09:58:10,747 [INFO] Epoch 35/100 | Train Loss: 0.3464 | R@1: 0.3571 | R@5: 0.9762 | R@10: 1.0000
2026-02-19 09:58:16,722 [INFO]   Epoch 36 | Step 10/29 | Loss: 0.0279
2026-02-19 09:58:18,902 [INFO]   Epoch 36 | Step 20/29 | Loss: 0.1541
2026-02-19 09:59:05,101 [INFO] Epoch 36/100 | Train Loss: 0.3441 | R@1: 0.3571 | R@5: 0.9762 | R@10: 1.0000
2026-02-19 09:59:10,457 [INFO]   Epoch 37 | Step 10/29 | Loss: 0.2274
2026-02-19 09:59:12,389 [INFO]   Epoch 37 | Step 20/29 | Loss: 0.0263
2026-02-19 09:59:58,000 [INFO] Epoch 37/100 | Train Loss: 0.3163 | R@1: 0.3571 | R@5: 0.9762 | R@10: 1.0000
2026-02-19 10:00:03,357 [INFO]   Epoch 38 | Step 10/29 | Loss: 0.1958
2026-02-19 10:00:05,291 [INFO]   Epoch 38 | Step 20/29 | Loss: 0.5041
2026-02-19 10:00:50,889 [INFO] Epoch 38/100 | Train Loss: 0.3808 | R@1: 0.3571 | R@5: 1.0000 | R@10: 1.0000
2026-02-19 10:00:56,501 [INFO]   Epoch 39 | Step 10/29 | Loss: 0.1145
2026-02-19 10:00:58,527 [INFO]   Epoch 39 | Step 20/29 | Loss: 0.4955
2026-02-19 10:01:44,480 [INFO] Epoch 39/100 | Train Loss: 0.3002 | R@1: 0.3095 | R@5: 1.0000 | R@10: 1.0000
2026-02-19 10:01:49,970 [INFO]   Epoch 40 | Step 10/29 | Loss: 0.8996
2026-02-19 10:01:52,028 [INFO]   Epoch 40 | Step 20/29 | Loss: 0.2049
2026-02-19 10:02:37,823 [INFO] Epoch 40/100 | Train Loss: 0.3698 | R@1: 0.2857 | R@5: 1.0000 | R@10: 1.0000
2026-02-19 10:02:43,239 [INFO]   Epoch 41 | Step 10/29 | Loss: 0.7556
2026-02-19 10:02:45,201 [INFO]   Epoch 41 | Step 20/29 | Loss: 0.1896
2026-02-19 10:03:30,929 [INFO] Epoch 41/100 | Train Loss: 0.3394 | R@1: 0.2857 | R@5: 1.0000 | R@10: 1.0000
2026-02-19 10:03:36,339 [INFO]   Epoch 42 | Step 10/29 | Loss: 0.2157
2026-02-19 10:03:38,310 [INFO]   Epoch 42 | Step 20/29 | Loss: 0.7749
2026-02-19 10:04:24,008 [INFO] Epoch 42/100 | Train Loss: 0.3090 | R@1: 0.3095 | R@5: 1.0000 | R@10: 1.0000
2026-02-19 10:04:29,330 [INFO]   Epoch 43 | Step 10/29 | Loss: 0.3449
2026-02-19 10:04:31,398 [INFO]   Epoch 43 | Step 20/29 | Loss: 0.4732
2026-02-19 10:05:17,330 [INFO] Epoch 43/100 | Train Loss: 0.2849 | R@1: 0.3095 | R@5: 1.0000 | R@10: 1.0000
2026-02-19 10:05:22,663 [INFO]   Epoch 44 | Step 10/29 | Loss: 0.7777
2026-02-19 10:05:24,689 [INFO]   Epoch 44 | Step 20/29 | Loss: 0.0236
2026-02-19 10:06:10,362 [INFO] Epoch 44/100 | Train Loss: 0.3362 | R@1: 0.3095 | R@5: 1.0000 | R@10: 1.0000
2026-02-19 10:06:15,657 [INFO]   Epoch 45 | Step 10/29 | Loss: 0.0907
2026-02-19 10:06:17,566 [INFO]   Epoch 45 | Step 20/29 | Loss: 0.3481
2026-02-19 10:07:03,341 [INFO] Epoch 45/100 | Train Loss: 0.3795 | R@1: 0.3333 | R@5: 1.0000 | R@10: 1.0000
2026-02-19 10:07:08,946 [INFO]   Epoch 46 | Step 10/29 | Loss: 0.2099
2026-02-19 10:07:10,924 [INFO]   Epoch 46 | Step 20/29 | Loss: 0.0133
2026-02-19 10:07:56,572 [INFO] Epoch 46/100 | Train Loss: 0.2983 | R@1: 0.3095 | R@5: 1.0000 | R@10: 1.0000
2026-02-19 10:08:01,972 [INFO]   Epoch 47 | Step 10/29 | Loss: 0.1832
2026-02-19 10:08:03,930 [INFO]   Epoch 47 | Step 20/29 | Loss: 0.1840
2026-02-19 10:08:49,572 [INFO] Epoch 47/100 | Train Loss: 0.2419 | R@1: 0.3095 | R@5: 1.0000 | R@10: 1.0000
2026-02-19 10:08:54,965 [INFO]   Epoch 48 | Step 10/29 | Loss: 0.1851
2026-02-19 10:08:56,968 [INFO]   Epoch 48 | Step 20/29 | Loss: 0.1959
2026-02-19 10:09:42,684 [INFO] Epoch 48/100 | Train Loss: 0.3270 | R@1: 0.3095 | R@5: 1.0000 | R@10: 1.0000
2026-02-19 10:09:48,190 [INFO]   Epoch 49 | Step 10/29 | Loss: 0.1133
2026-02-19 10:09:50,137 [INFO]   Epoch 49 | Step 20/29 | Loss: 0.4135
2026-02-19 10:10:35,786 [INFO] Epoch 49/100 | Train Loss: 0.3025 | R@1: 0.3095 | R@5: 1.0000 | R@10: 1.0000
2026-02-19 10:10:41,308 [INFO]   Epoch 50 | Step 10/29 | Loss: 0.4590
2026-02-19 10:10:43,318 [INFO]   Epoch 50 | Step 20/29 | Loss: 0.2566
2026-02-19 10:11:29,262 [INFO] Epoch 50/100 | Train Loss: 0.2254 | R@1: 0.3095 | R@5: 1.0000 | R@10: 1.0000
2026-02-19 10:11:34,957 [INFO]   Epoch 51 | Step 10/29 | Loss: 0.1923
2026-02-19 10:11:37,051 [INFO]   Epoch 51 | Step 20/29 | Loss: 0.6464
2026-02-19 10:12:22,798 [INFO] Epoch 51/100 | Train Loss: 0.3291 | R@1: 0.3333 | R@5: 1.0000 | R@10: 1.0000
2026-02-19 10:12:28,382 [INFO]   Epoch 52 | Step 10/29 | Loss: 0.0163
2026-02-19 10:12:30,432 [INFO]   Epoch 52 | Step 20/29 | Loss: 0.4271
2026-02-19 10:13:16,062 [INFO] Epoch 52/100 | Train Loss: 0.2477 | R@1: 0.3333 | R@5: 1.0000 | R@10: 1.0000
2026-02-19 10:13:21,375 [INFO]   Epoch 53 | Step 10/29 | Loss: 0.7994
2026-02-19 10:13:23,299 [INFO]   Epoch 53 | Step 20/29 | Loss: 0.2933
2026-02-19 10:14:08,861 [INFO] Epoch 53/100 | Train Loss: 0.3068 | R@1: 0.3333 | R@5: 1.0000 | R@10: 1.0000
2026-02-19 10:14:14,070 [INFO]   Epoch 54 | Step 10/29 | Loss: 0.3848
2026-02-19 10:14:15,987 [INFO]   Epoch 54 | Step 20/29 | Loss: 0.3920
2026-02-19 10:15:01,584 [INFO] Epoch 54/100 | Train Loss: 0.2800 | R@1: 0.3095 | R@5: 1.0000 | R@10: 1.0000
2026-02-19 10:15:06,948 [INFO]   Epoch 55 | Step 10/29 | Loss: 0.1781
2026-02-19 10:15:08,865 [INFO]   Epoch 55 | Step 20/29 | Loss: 0.2016
2026-02-19 10:15:54,476 [INFO] Epoch 55/100 | Train Loss: 0.2931 | R@1: 0.3095 | R@5: 1.0000 | R@10: 1.0000
2026-02-19 10:15:59,876 [INFO]   Epoch 56 | Step 10/29 | Loss: 0.1753
2026-02-19 10:16:01,819 [INFO]   Epoch 56 | Step 20/29 | Loss: 0.0834
2026-02-19 10:16:47,444 [INFO] Epoch 56/100 | Train Loss: 0.2716 | R@1: 0.2857 | R@5: 1.0000 | R@10: 1.0000
2026-02-19 10:16:52,875 [INFO]   Epoch 57 | Step 10/29 | Loss: 0.3982
2026-02-19 10:16:54,896 [INFO]   Epoch 57 | Step 20/29 | Loss: 0.1831
2026-02-19 10:17:41,512 [INFO] Epoch 57/100 | Train Loss: 0.2729 | R@1: 0.2857 | R@5: 1.0000 | R@10: 1.0000
2026-02-19 10:17:46,992 [INFO]   Epoch 58 | Step 10/29 | Loss: 0.0180
2026-02-19 10:17:48,921 [INFO]   Epoch 58 | Step 20/29 | Loss: 0.3530
2026-02-19 10:18:34,509 [INFO] Epoch 58/100 | Train Loss: 0.2429 | R@1: 0.2857 | R@5: 1.0000 | R@10: 1.0000
2026-02-19 10:18:39,881 [INFO]   Epoch 59 | Step 10/29 | Loss: 0.0116
2026-02-19 10:18:41,789 [INFO]   Epoch 59 | Step 20/29 | Loss: 0.1904
2026-02-19 10:19:27,376 [INFO] Epoch 59/100 | Train Loss: 0.2378 | R@1: 0.2619 | R@5: 1.0000 | R@10: 1.0000
2026-02-19 10:19:32,660 [INFO]   Epoch 60 | Step 10/29 | Loss: 0.5089
2026-02-19 10:19:34,570 [INFO]   Epoch 60 | Step 20/29 | Loss: 0.0124
2026-02-19 10:20:20,172 [INFO] Epoch 60/100 | Train Loss: 0.1849 | R@1: 0.2857 | R@5: 1.0000 | R@10: 1.0000
2026-02-19 10:20:25,594 [INFO]   Epoch 61 | Step 10/29 | Loss: 0.1857
2026-02-19 10:20:27,544 [INFO]   Epoch 61 | Step 20/29 | Loss: 0.2722
2026-02-19 10:21:13,178 [INFO] Epoch 61/100 | Train Loss: 0.1632 | R@1: 0.2857 | R@5: 1.0000 | R@10: 1.0000
2026-02-19 10:21:18,782 [INFO]   Epoch 62 | Step 10/29 | Loss: 0.2765
2026-02-19 10:21:20,798 [INFO]   Epoch 62 | Step 20/29 | Loss: 0.1948
2026-02-19 10:22:06,663 [INFO] Epoch 62/100 | Train Loss: 0.2575 | R@1: 0.2857 | R@5: 1.0000 | R@10: 1.0000
2026-02-19 10:22:12,452 [INFO]   Epoch 63 | Step 10/29 | Loss: 0.0052
2026-02-19 10:22:14,528 [INFO]   Epoch 63 | Step 20/29 | Loss: 0.0051
2026-02-19 10:23:00,308 [INFO] Epoch 63/100 | Train Loss: 0.1890 | R@1: 0.2857 | R@5: 1.0000 | R@10: 1.0000
2026-02-19 10:23:06,038 [INFO]   Epoch 64 | Step 10/29 | Loss: 0.1769
2026-02-19 10:23:08,115 [INFO]   Epoch 64 | Step 20/29 | Loss: 0.1597
2026-02-19 10:23:54,189 [INFO] Epoch 64/100 | Train Loss: 0.2377 | R@1: 0.2619 | R@5: 1.0000 | R@10: 1.0000
2026-02-19 10:23:59,970 [INFO]   Epoch 65 | Step 10/29 | Loss: 0.1772
2026-02-19 10:24:02,016 [INFO]   Epoch 65 | Step 20/29 | Loss: 0.3748
2026-02-19 10:24:48,064 [INFO] Epoch 65/100 | Train Loss: 0.2724 | R@1: 0.2619 | R@5: 1.0000 | R@10: 1.0000
2026-02-19 10:24:53,711 [INFO]   Epoch 66 | Step 10/29 | Loss: 0.0065
2026-02-19 10:24:55,739 [INFO]   Epoch 66 | Step 20/29 | Loss: 0.0112
2026-02-19 10:25:41,509 [INFO] Epoch 66/100 | Train Loss: 0.2315 | R@1: 0.2619 | R@5: 1.0000 | R@10: 1.0000
2026-02-19 10:25:47,388 [INFO]   Epoch 67 | Step 10/29 | Loss: 0.7495
2026-02-19 10:25:49,462 [INFO]   Epoch 67 | Step 20/29 | Loss: 0.0155
2026-02-19 10:26:35,420 [INFO] Epoch 67/100 | Train Loss: 0.2842 | R@1: 0.2619 | R@5: 1.0000 | R@10: 1.0000
2026-02-19 10:26:40,911 [INFO]   Epoch 68 | Step 10/29 | Loss: 0.4632
2026-02-19 10:26:42,952 [INFO]   Epoch 68 | Step 20/29 | Loss: 0.3491
2026-02-19 10:27:28,746 [INFO] Epoch 68/100 | Train Loss: 0.2483 | R@1: 0.2381 | R@5: 1.0000 | R@10: 1.0000
2026-02-19 10:27:34,062 [INFO]   Epoch 69 | Step 10/29 | Loss: 0.2146
2026-02-19 10:27:36,039 [INFO]   Epoch 69 | Step 20/29 | Loss: 0.0026
2026-02-19 10:28:21,837 [INFO] Epoch 69/100 | Train Loss: 0.2107 | R@1: 0.2381 | R@5: 1.0000 | R@10: 1.0000
2026-02-19 10:28:27,377 [INFO]   Epoch 70 | Step 10/29 | Loss: 0.4399
2026-02-19 10:28:29,360 [INFO]   Epoch 70 | Step 20/29 | Loss: 0.1603
2026-02-19 10:29:15,219 [INFO] Epoch 70/100 | Train Loss: 0.1956 | R@1: 0.2619 | R@5: 1.0000 | R@10: 1.0000
2026-02-19 10:29:20,823 [INFO]   Epoch 71 | Step 10/29 | Loss: 0.6306
2026-02-19 10:29:22,829 [INFO]   Epoch 71 | Step 20/29 | Loss: 0.4907
2026-02-19 10:30:08,536 [INFO] Epoch 71/100 | Train Loss: 0.3050 | R@1: 0.2381 | R@5: 1.0000 | R@10: 1.0000
2026-02-19 10:30:14,200 [INFO]   Epoch 72 | Step 10/29 | Loss: 0.4537
2026-02-19 10:30:16,244 [INFO]   Epoch 72 | Step 20/29 | Loss: 0.1783
2026-02-19 10:31:02,531 [INFO] Epoch 72/100 | Train Loss: 0.2531 | R@1: 0.2381 | R@5: 1.0000 | R@10: 1.0000
2026-02-19 10:31:08,403 [INFO]   Epoch 73 | Step 10/29 | Loss: 0.0063
2026-02-19 10:31:10,415 [INFO]   Epoch 73 | Step 20/29 | Loss: 0.1806
2026-02-19 10:31:56,119 [INFO] Epoch 73/100 | Train Loss: 0.2299 | R@1: 0.2381 | R@5: 1.0000 | R@10: 1.0000
2026-02-19 10:32:01,497 [INFO]   Epoch 74 | Step 10/29 | Loss: 0.1219
2026-02-19 10:32:03,458 [INFO]   Epoch 74 | Step 20/29 | Loss: 0.0055
2026-02-19 10:32:49,088 [INFO] Epoch 74/100 | Train Loss: 0.3110 | R@1: 0.2619 | R@5: 1.0000 | R@10: 1.0000
2026-02-19 10:32:54,625 [INFO]   Epoch 75 | Step 10/29 | Loss: 0.1842
2026-02-19 10:32:56,584 [INFO]   Epoch 75 | Step 20/29 | Loss: 0.2166
2026-02-19 10:33:42,234 [INFO] Epoch 75/100 | Train Loss: 0.2228 | R@1: 0.2619 | R@5: 1.0000 | R@10: 1.0000
2026-02-19 10:33:47,609 [INFO]   Epoch 76 | Step 10/29 | Loss: 0.2087
2026-02-19 10:33:49,590 [INFO]   Epoch 76 | Step 20/29 | Loss: 0.3387
2026-02-19 10:34:35,268 [INFO] Epoch 76/100 | Train Loss: 0.2473 | R@1: 0.2381 | R@5: 1.0000 | R@10: 1.0000
2026-02-19 10:34:40,691 [INFO]   Epoch 77 | Step 10/29 | Loss: 0.1832
2026-02-19 10:34:42,648 [INFO]   Epoch 77 | Step 20/29 | Loss: 0.2072
2026-02-19 10:35:28,297 [INFO] Epoch 77/100 | Train Loss: 0.1824 | R@1: 0.2857 | R@5: 1.0000 | R@10: 1.0000
2026-02-19 10:35:33,722 [INFO]   Epoch 78 | Step 10/29 | Loss: 0.1791
2026-02-19 10:35:35,676 [INFO]   Epoch 78 | Step 20/29 | Loss: 0.2055
2026-02-19 10:36:21,350 [INFO] Epoch 78/100 | Train Loss: 0.1937 | R@1: 0.2381 | R@5: 1.0000 | R@10: 1.0000
2026-02-19 10:36:26,710 [INFO]   Epoch 79 | Step 10/29 | Loss: 0.3552
2026-02-19 10:36:28,679 [INFO]   Epoch 79 | Step 20/29 | Loss: 0.3515
2026-02-19 10:37:14,344 [INFO] Epoch 79/100 | Train Loss: 0.2210 | R@1: 0.2381 | R@5: 1.0000 | R@10: 1.0000
2026-02-19 10:37:20,326 [INFO]   Epoch 80 | Step 10/29 | Loss: 0.4388
2026-02-19 10:37:22,388 [INFO]   Epoch 80 | Step 20/29 | Loss: 0.5331
2026-02-19 10:38:08,594 [INFO] Epoch 80/100 | Train Loss: 0.2415 | R@1: 0.2619 | R@5: 1.0000 | R@10: 1.0000
2026-02-19 10:38:14,025 [INFO]   Epoch 81 | Step 10/29 | Loss: 0.3561
2026-02-19 10:38:16,018 [INFO]   Epoch 81 | Step 20/29 | Loss: 0.1926
2026-02-19 10:39:01,811 [INFO] Epoch 81/100 | Train Loss: 0.2326 | R@1: 0.2619 | R@5: 1.0000 | R@10: 1.0000
2026-02-19 10:39:07,450 [INFO]   Epoch 82 | Step 10/29 | Loss: 0.5769
2026-02-19 10:39:09,514 [INFO]   Epoch 82 | Step 20/29 | Loss: 0.0021
2026-02-19 10:39:55,380 [INFO] Epoch 82/100 | Train Loss: 0.2295 | R@1: 0.2857 | R@5: 1.0000 | R@10: 1.0000
2026-02-19 10:40:00,948 [INFO]   Epoch 83 | Step 10/29 | Loss: 0.3365
2026-02-19 10:40:02,930 [INFO]   Epoch 83 | Step 20/29 | Loss: 0.0062
2026-02-19 10:40:48,667 [INFO] Epoch 83/100 | Train Loss: 0.2080 | R@1: 0.2381 | R@5: 1.0000 | R@10: 1.0000
2026-02-19 10:40:54,772 [INFO]   Epoch 84 | Step 10/29 | Loss: 0.1772
2026-02-19 10:40:57,206 [INFO]   Epoch 84 | Step 20/29 | Loss: 0.1766
2026-02-19 10:41:43,035 [INFO] Epoch 84/100 | Train Loss: 0.1938 | R@1: 0.2381 | R@5: 1.0000 | R@10: 1.0000
2026-02-19 10:41:48,900 [INFO]   Epoch 85 | Step 10/29 | Loss: 0.3841
2026-02-19 10:41:51,122 [INFO]   Epoch 85 | Step 20/29 | Loss: 0.2772
2026-02-19 10:42:37,003 [INFO] Epoch 85/100 | Train Loss: 0.2487 | R@1: 0.2143 | R@5: 1.0000 | R@10: 1.0000
2026-02-19 10:42:42,330 [INFO]   Epoch 86 | Step 10/29 | Loss: 0.0868
2026-02-19 10:42:44,364 [INFO]   Epoch 86 | Step 20/29 | Loss: 0.4010
2026-02-19 10:43:30,500 [INFO] Epoch 86/100 | Train Loss: 0.2768 | R@1: 0.2857 | R@5: 1.0000 | R@10: 1.0000
2026-02-19 10:43:36,088 [INFO]   Epoch 87 | Step 10/29 | Loss: 0.3305
2026-02-19 10:43:38,291 [INFO]   Epoch 87 | Step 20/29 | Loss: 0.0037
2026-02-19 10:44:24,046 [INFO] Epoch 87/100 | Train Loss: 0.1944 | R@1: 0.2143 | R@5: 1.0000 | R@10: 1.0000
2026-02-19 10:44:29,711 [INFO]   Epoch 88 | Step 10/29 | Loss: 0.1533
2026-02-19 10:44:31,757 [INFO]   Epoch 88 | Step 20/29 | Loss: 0.1864
2026-02-19 10:45:17,724 [INFO] Epoch 88/100 | Train Loss: 0.2432 | R@1: 0.2143 | R@5: 1.0000 | R@10: 1.0000
2026-02-19 10:45:23,320 [INFO]   Epoch 89 | Step 10/29 | Loss: 0.3302
2026-02-19 10:45:25,364 [INFO]   Epoch 89 | Step 20/29 | Loss: 0.0022
2026-02-19 10:46:11,331 [INFO] Epoch 89/100 | Train Loss: 0.2328 | R@1: 0.2381 | R@5: 1.0000 | R@10: 1.0000
2026-02-19 10:46:17,321 [INFO]   Epoch 90 | Step 10/29 | Loss: 0.2191
2026-02-19 10:46:19,442 [INFO]   Epoch 90 | Step 20/29 | Loss: 0.0019
2026-02-19 10:47:05,380 [INFO] Epoch 90/100 | Train Loss: 0.2523 | R@1: 0.1905 | R@5: 1.0000 | R@10: 1.0000
2026-02-19 10:47:11,050 [INFO]   Epoch 91 | Step 10/29 | Loss: 0.3473
2026-02-19 10:47:13,210 [INFO]   Epoch 91 | Step 20/29 | Loss: 0.3896
2026-02-19 10:47:59,823 [INFO] Epoch 91/100 | Train Loss: 0.2750 | R@1: 0.2143 | R@5: 1.0000 | R@10: 1.0000
2026-02-19 10:48:05,969 [INFO]   Epoch 92 | Step 10/29 | Loss: 0.0086
2026-02-19 10:48:08,037 [INFO]   Epoch 92 | Step 20/29 | Loss: 0.1762
2026-02-19 10:48:54,130 [INFO] Epoch 92/100 | Train Loss: 0.2621 | R@1: 0.2619 | R@5: 1.0000 | R@10: 1.0000
2026-02-19 10:48:59,646 [INFO]   Epoch 93 | Step 10/29 | Loss: 0.4128
2026-02-19 10:49:01,763 [INFO]   Epoch 93 | Step 20/29 | Loss: 0.1923
2026-02-19 10:49:47,727 [INFO] Epoch 93/100 | Train Loss: 0.2307 | R@1: 0.2381 | R@5: 1.0000 | R@10: 1.0000
2026-02-19 10:49:53,320 [INFO]   Epoch 94 | Step 10/29 | Loss: 0.0017
2026-02-19 10:49:55,544 [INFO]   Epoch 94 | Step 20/29 | Loss: 0.1796
2026-02-19 10:50:41,560 [INFO] Epoch 94/100 | Train Loss: 0.2001 | R@1: 0.2381 | R@5: 1.0000 | R@10: 1.0000
2026-02-19 10:50:47,100 [INFO]   Epoch 95 | Step 10/29 | Loss: 0.3761
2026-02-19 10:50:49,145 [INFO]   Epoch 95 | Step 20/29 | Loss: 0.1757
2026-02-19 10:51:34,913 [INFO] Epoch 95/100 | Train Loss: 0.2380 | R@1: 0.2381 | R@5: 1.0000 | R@10: 1.0000
2026-02-19 10:51:40,358 [INFO]   Epoch 96 | Step 10/29 | Loss: 0.1754
2026-02-19 10:51:42,391 [INFO]   Epoch 96 | Step 20/29 | Loss: 0.1750
2026-02-19 10:52:28,081 [INFO] Epoch 96/100 | Train Loss: 0.2182 | R@1: 0.2143 | R@5: 1.0000 | R@10: 1.0000
2026-02-19 10:52:33,527 [INFO]   Epoch 97 | Step 10/29 | Loss: 0.1446
2026-02-19 10:52:35,502 [INFO]   Epoch 97 | Step 20/29 | Loss: 0.1222
2026-02-19 10:53:21,151 [INFO] Epoch 97/100 | Train Loss: 0.2104 | R@1: 0.2381 | R@5: 1.0000 | R@10: 1.0000
2026-02-19 10:53:26,534 [INFO]   Epoch 98 | Step 10/29 | Loss: 0.4965
2026-02-19 10:53:28,613 [INFO]   Epoch 98 | Step 20/29 | Loss: 0.0027
2026-02-19 10:54:14,272 [INFO] Epoch 98/100 | Train Loss: 0.2170 | R@1: 0.2143 | R@5: 1.0000 | R@10: 1.0000
2026-02-19 10:54:19,707 [INFO]   Epoch 99 | Step 10/29 | Loss: 0.1779
2026-02-19 10:54:21,699 [INFO]   Epoch 99 | Step 20/29 | Loss: 0.4217
2026-02-19 10:55:07,368 [INFO] Epoch 99/100 | Train Loss: 0.2362 | R@1: 0.2381 | R@5: 1.0000 | R@10: 1.0000
2026-02-19 10:55:12,706 [INFO]   Epoch 100 | Step 10/29 | Loss: 0.1777
2026-02-19 10:55:14,674 [INFO]   Epoch 100 | Step 20/29 | Loss: 0.0041
2026-02-19 10:56:00,565 [INFO] Epoch 100/100 | Train Loss: 0.2191 | R@1: 0.2143 | R@5: 1.0000 | R@10: 1.0000
2026-02-19 10:56:00,758 [INFO] 학습 완료!
